Markdownファイルに変換しました。
Markdownファイルに変換しました。
Markdownファイルに変換しました。
Markdownファイルに変換しました。
Markdownファイルに変換しました。
Traceback (most recent call last):
  File "/Users/yamato/local/2024-12-22_HTML_-scraping/get_html.py", line 41, in <module>
    fetch_and_convert(url)
    ~~~~~~~~~~~~~~~~~^^^^^
  File "/Users/yamato/local/2024-12-22_HTML_-scraping/get_html.py", line 8, in fetch_and_convert
    response.raise_for_status()
    ~~~~~~~~~~~~~~~~~~~~~~~~~^^
  File "/Users/yamato/local/2024-12-22_HTML_-scraping/.venv/lib/python3.13/site-packages/requests/models.py", line 1024, in raise_for_status
    raise HTTPError(http_error_msg, response=self)
requests.exceptions.HTTPError: 404 Client Error: Not Found for url: https://junpei-sugiyama.com/wordpress-original-theme-14/
Traceback (most recent call last):
  File "/Users/yamato/local/2024-12-22_HTML_-scraping/get_html.py", line 41, in <module>
    fetch_and_convert(url)
    ~~~~~~~~~~~~~~~~~^^^^^
  File "/Users/yamato/local/2024-12-22_HTML_-scraping/get_html.py", line 8, in fetch_and_convert
    response.raise_for_status()
    ~~~~~~~~~~~~~~~~~~~~~~~~~^^
  File "/Users/yamato/local/2024-12-22_HTML_-scraping/.venv/lib/python3.13/site-packages/requests/models.py", line 1024, in raise_for_status
    raise HTTPError(http_error_msg, response=self)
requests.exceptions.HTTPError: 404 Client Error: Not Found for url: https://junpei-sugiyama.com/wordpress-original-theme-14/
Traceback (most recent call last):
  File "/Users/yamato/local/2024-12-22_HTML_-scraping/get_html.py", line 41, in <module>
    fetch_and_convert(url)
    ~~~~~~~~~~~~~~~~~^^^^^
  File "/Users/yamato/local/2024-12-22_HTML_-scraping/get_html.py", line 8, in fetch_and_convert
    response.raise_for_status()
    ~~~~~~~~~~~~~~~~~~~~~~~~~^^
  File "/Users/yamato/local/2024-12-22_HTML_-scraping/.venv/lib/python3.13/site-packages/requests/models.py", line 1024, in raise_for_status
    raise HTTPError(http_error_msg, response=self)
requests.exceptions.HTTPError: 404 Client Error: Not Found for url: https://junpei-sugiyama.com/wordpress-original-theme-14/
Traceback (most recent call last):
  File "/Users/yamato/local/2024-12-22_HTML_-scraping/get_html.py", line 41, in <module>
    fetch_and_convert(url)
    ~~~~~~~~~~~~~~~~~^^^^^
  File "/Users/yamato/local/2024-12-22_HTML_-scraping/get_html.py", line 8, in fetch_and_convert
    response.raise_for_status()
    ~~~~~~~~~~~~~~~~~~~~~~~~~^^
  File "/Users/yamato/local/2024-12-22_HTML_-scraping/.venv/lib/python3.13/site-packages/requests/models.py", line 1024, in raise_for_status
    raise HTTPError(http_error_msg, response=self)
requests.exceptions.HTTPError: 404 Client Error: Not Found for url: https://junpei-sugiyama.com/wordpress-original-theme-14/
Traceback (most recent call last):
  File "/Users/yamato/local/2024-12-22_HTML_-scraping/get_html.py", line 41, in <module>
    fetch_and_convert(url)
    ~~~~~~~~~~~~~~~~~^^^^^
  File "/Users/yamato/local/2024-12-22_HTML_-scraping/get_html.py", line 8, in fetch_and_convert
    response.raise_for_status()
    ~~~~~~~~~~~~~~~~~~~~~~~~~^^
  File "/Users/yamato/local/2024-12-22_HTML_-scraping/.venv/lib/python3.13/site-packages/requests/models.py", line 1024, in raise_for_status
    raise HTTPError(http_error_msg, response=self)
requests.exceptions.HTTPError: 404 Client Error: Not Found for url: https://junpei-sugiyama.com/wordpress-original-theme-14/
Traceback (most recent call last):
  File "/Users/yamato/local/2024-12-22_HTML_-scraping/get_html.py", line 41, in <module>
    fetch_and_convert(url)
    ~~~~~~~~~~~~~~~~~^^^^^
  File "/Users/yamato/local/2024-12-22_HTML_-scraping/get_html.py", line 8, in fetch_and_convert
    response.raise_for_status()
    ~~~~~~~~~~~~~~~~~~~~~~~~~^^
  File "/Users/yamato/local/2024-12-22_HTML_-scraping/.venv/lib/python3.13/site-packages/requests/models.py", line 1024, in raise_for_status
    raise HTTPError(http_error_msg, response=self)
requests.exceptions.HTTPError: 404 Client Error: Not Found for url: https://junpei-sugiyama.com/wordpress-original-theme-14/
Traceback (most recent call last):
  File "/Users/yamato/local/2024-12-22_HTML_-scraping/get_html.py", line 41, in <module>
    fetch_and_convert(url)
    ~~~~~~~~~~~~~~~~~^^^^^
  File "/Users/yamato/local/2024-12-22_HTML_-scraping/get_html.py", line 8, in fetch_and_convert
    response.raise_for_status()
    ~~~~~~~~~~~~~~~~~~~~~~~~~^^
  File "/Users/yamato/local/2024-12-22_HTML_-scraping/.venv/lib/python3.13/site-packages/requests/models.py", line 1024, in raise_for_status
    raise HTTPError(http_error_msg, response=self)
requests.exceptions.HTTPError: 404 Client Error: Not Found for url: https://junpei-sugiyama.com/wordpress-original-theme-14/
Traceback (most recent call last):
  File "/Users/yamato/local/2024-12-22_HTML_-scraping/get_html.py", line 41, in <module>
    fetch_and_convert(url)
    ~~~~~~~~~~~~~~~~~^^^^^
  File "/Users/yamato/local/2024-12-22_HTML_-scraping/get_html.py", line 8, in fetch_and_convert
    response.raise_for_status()
    ~~~~~~~~~~~~~~~~~~~~~~~~~^^
  File "/Users/yamato/local/2024-12-22_HTML_-scraping/.venv/lib/python3.13/site-packages/requests/models.py", line 1024, in raise_for_status
    raise HTTPError(http_error_msg, response=self)
requests.exceptions.HTTPError: 404 Client Error: Not Found for url: https://junpei-sugiyama.com/wordpress-original-theme-14/
Traceback (most recent call last):
  File "/Users/yamato/local/2024-12-22_HTML_-scraping/get_html.py", line 41, in <module>
    fetch_and_convert(url)
    ~~~~~~~~~~~~~~~~~^^^^^
  File "/Users/yamato/local/2024-12-22_HTML_-scraping/get_html.py", line 8, in fetch_and_convert
    response.raise_for_status()
    ~~~~~~~~~~~~~~~~~~~~~~~~~^^
  File "/Users/yamato/local/2024-12-22_HTML_-scraping/.venv/lib/python3.13/site-packages/requests/models.py", line 1024, in raise_for_status
    raise HTTPError(http_error_msg, response=self)
requests.exceptions.HTTPError: 404 Client Error: Not Found for url: https://junpei-sugiyama.com/wordpress-original-theme-14/
Traceback (most recent call last):
  File "/Users/yamato/local/2024-12-22_HTML_-scraping/get_html.py", line 41, in <module>
    fetch_and_convert(url)
    ~~~~~~~~~~~~~~~~~^^^^^
  File "/Users/yamato/local/2024-12-22_HTML_-scraping/get_html.py", line 8, in fetch_and_convert
    response.raise_for_status()
    ~~~~~~~~~~~~~~~~~~~~~~~~~^^
  File "/Users/yamato/local/2024-12-22_HTML_-scraping/.venv/lib/python3.13/site-packages/requests/models.py", line 1024, in raise_for_status
    raise HTTPError(http_error_msg, response=self)
requests.exceptions.HTTPError: 404 Client Error: Not Found for url: https://junpei-sugiyama.com/wordpress-original-theme-14/
Traceback (most recent call last):
  File "/Users/yamato/local/2024-12-22_HTML_-scraping/get_html.py", line 41, in <module>
    fetch_and_convert(url)
    ~~~~~~~~~~~~~~~~~^^^^^
  File "/Users/yamato/local/2024-12-22_HTML_-scraping/get_html.py", line 8, in fetch_and_convert
    response.raise_for_status()
    ~~~~~~~~~~~~~~~~~~~~~~~~~^^
  File "/Users/yamato/local/2024-12-22_HTML_-scraping/.venv/lib/python3.13/site-packages/requests/models.py", line 1024, in raise_for_status
    raise HTTPError(http_error_msg, response=self)
requests.exceptions.HTTPError: 404 Client Error: Not Found for url: https://junpei-sugiyama.com/wordpress-original-theme-14/
Traceback (most recent call last):
  File "/Users/yamato/local/2024-12-22_HTML_-scraping/get_html.py", line 41, in <module>
    fetch_and_convert(url)
    ~~~~~~~~~~~~~~~~~^^^^^
  File "/Users/yamato/local/2024-12-22_HTML_-scraping/get_html.py", line 8, in fetch_and_convert
    response.raise_for_status()
    ~~~~~~~~~~~~~~~~~~~~~~~~~^^
  File "/Users/yamato/local/2024-12-22_HTML_-scraping/.venv/lib/python3.13/site-packages/requests/models.py", line 1024, in raise_for_status
    raise HTTPError(http_error_msg, response=self)
requests.exceptions.HTTPError: 404 Client Error: Not Found for url: https://junpei-sugiyama.com/wordpress-original-theme-14/
Traceback (most recent call last):
  File "/Users/yamato/local/2024-12-22_HTML_-scraping/get_html.py", line 41, in <module>
    fetch_and_convert(url)
    ~~~~~~~~~~~~~~~~~^^^^^
  File "/Users/yamato/local/2024-12-22_HTML_-scraping/get_html.py", line 8, in fetch_and_convert
    response.raise_for_status()
    ~~~~~~~~~~~~~~~~~~~~~~~~~^^
  File "/Users/yamato/local/2024-12-22_HTML_-scraping/.venv/lib/python3.13/site-packages/requests/models.py", line 1024, in raise_for_status
    raise HTTPError(http_error_msg, response=self)
requests.exceptions.HTTPError: 404 Client Error: Not Found for url: https://junpei-sugiyama.com/wordpress-original-theme-14/
Traceback (most recent call last):
  File "/Users/yamato/local/2024-12-22_HTML_-scraping/get_html.py", line 41, in <module>
    fetch_and_convert(url)
    ~~~~~~~~~~~~~~~~~^^^^^
  File "/Users/yamato/local/2024-12-22_HTML_-scraping/get_html.py", line 8, in fetch_and_convert
    response.raise_for_status()
    ~~~~~~~~~~~~~~~~~~~~~~~~~^^
  File "/Users/yamato/local/2024-12-22_HTML_-scraping/.venv/lib/python3.13/site-packages/requests/models.py", line 1024, in raise_for_status
    raise HTTPError(http_error_msg, response=self)
requests.exceptions.HTTPError: 404 Client Error: Not Found for url: https://junpei-sugiyama.com/wordpress-original-theme-14/
Traceback (most recent call last):
  File "/Users/yamato/local/2024-12-22_HTML_-scraping/get_html.py", line 41, in <module>
    fetch_and_convert(url)
    ~~~~~~~~~~~~~~~~~^^^^^
  File "/Users/yamato/local/2024-12-22_HTML_-scraping/get_html.py", line 8, in fetch_and_convert
    response.raise_for_status()
    ~~~~~~~~~~~~~~~~~~~~~~~~~^^
  File "/Users/yamato/local/2024-12-22_HTML_-scraping/.venv/lib/python3.13/site-packages/requests/models.py", line 1024, in raise_for_status
    raise HTTPError(http_error_msg, response=self)
requests.exceptions.HTTPError: 404 Client Error: Not Found for url: https://junpei-sugiyama.com/wordpress-original-theme-14/
